// Jest Snapshot v1, https://goo.gl/fbAQLP

exports[`Scalars should allow custom scalars 1`] = `
Object {
  "components": Object {
    "schemas": Object {
      "Date": Object {
        "description": "A Date",
        "format": "date",
        "nullable": true,
        "type": "string",
      },
      "Datetime": Object {
        "description": "A Datetime",
        "format": "date-time",
        "nullable": true,
        "type": "string",
      },
      "JSON": Object {
        "description": "A JSON Scalar",
        "nullable": true,
        "type": "object",
      },
    },
  },
  "info": Object {
    "description": "My API",
    "title": "Sample API",
    "version": "1.0.0",
  },
  "openapi": "3.0.3",
  "paths": Object {
    "/data": Object {
      "get": Object {
        "operationId": "getData",
        "parameters": Array [],
        "responses": Object {
          "200": Object {
            "content": Object {
              "application/json": Object {
                "schema": Object {
                  "properties": Object {
                    "getData": Object {
                      "items": Object {
                        "description": "A Complex type",
                        "properties": Object {
                          "created": Object {
                            "allOf": Array [
                              Object {
                                "$ref": "#/components/schemas/Date",
                              },
                            ],
                            "description": "Created when",
                            "nullable": false,
                            "type": "string",
                          },
                          "data": Object {
                            "allOf": Array [
                              Object {
                                "$ref": "#/components/schemas/JSON",
                              },
                            ],
                            "description": "The JSON data",
                            "nullable": false,
                            "type": "object",
                          },
                          "id": Object {
                            "description": "Our ID",
                            "format": "int32",
                            "type": "integer",
                          },
                          "modified": Object {
                            "allOf": Array [
                              Object {
                                "$ref": "#/components/schemas/Datetime",
                              },
                            ],
                            "description": "Modified when",
                            "nullable": false,
                            "type": "string",
                          },
                        },
                        "required": Array [
                          "id",
                          "created",
                          "data",
                          "modified",
                        ],
                        "type": "object",
                      },
                      "type": "array",
                    },
                  },
                  "required": Array [
                    "getData",
                  ],
                  "type": "object",
                },
              },
            },
            "description": "Success",
          },
          "400": Object {
            "content": Object {
              "application/json": Object {
                "schema": Object {
                  "properties": Object {
                    "errors": Object {
                      "items": Object {
                        "properties": Object {
                          "errorCode": Object {
                            "type": "string",
                          },
                          "location": Object {
                            "type": "string",
                          },
                          "message": Object {
                            "type": "string",
                          },
                          "path": Object {
                            "type": "string",
                          },
                        },
                        "type": "object",
                      },
                      "type": "array",
                    },
                  },
                  "type": "object",
                },
              },
            },
            "description": "Invalid request",
          },
          "500": Object {
            "content": Object {
              "application/json": Object {
                "schema": Object {
                  "properties": Object {
                    "data": Object {
                      "description": "Branch of data that does not contain errors",
                      "nullable": true,
                      "properties": Object {
                        "getData": Object {
                          "items": Object {
                            "description": "A Complex type",
                            "properties": Object {
                              "created": Object {
                                "allOf": Array [
                                  Object {
                                    "$ref": "#/components/schemas/Date",
                                  },
                                ],
                                "description": "Created when",
                                "nullable": false,
                                "type": "string",
                              },
                              "data": Object {
                                "allOf": Array [
                                  Object {
                                    "$ref": "#/components/schemas/JSON",
                                  },
                                ],
                                "description": "The JSON data",
                                "nullable": false,
                                "type": "object",
                              },
                              "id": Object {
                                "description": "Our ID",
                                "format": "int32",
                                "type": "integer",
                              },
                              "modified": Object {
                                "allOf": Array [
                                  Object {
                                    "$ref": "#/components/schemas/Datetime",
                                  },
                                ],
                                "description": "Modified when",
                                "nullable": false,
                                "type": "string",
                              },
                            },
                            "required": Array [
                              "id",
                              "created",
                              "data",
                              "modified",
                            ],
                            "type": "object",
                          },
                          "type": "array",
                        },
                      },
                      "required": Array [
                        "getData",
                      ],
                      "type": "object",
                    },
                    "errors": Object {
                      "items": Object {
                        "properties": Object {
                          "message": Object {
                            "type": "string",
                          },
                        },
                        "type": "object",
                      },
                      "type": "array",
                    },
                  },
                  "type": "object",
                },
              },
            },
            "description": "Internal Server Error",
          },
        },
        "x-graphql-operation": "query getData {
  getData {
    id
    created
    data
    modified
  }
}",
      },
      "post": Object {
        "operationId": "storeData",
        "parameters": Array [
          Object {
            "in": "query",
            "name": "input",
            "required": false,
            "schema": Object {
              "description": "Input type to create new data",
              "properties": Object {
                "anotherChild": Object {
                  "properties": Object {
                    "created": Object {
                      "allOf": Array [
                        Object {
                          "$ref": "#/components/schemas/Date",
                        },
                      ],
                      "description": "Created when",
                      "nullable": false,
                      "type": "string",
                    },
                    "modified": Object {
                      "allOf": Array [
                        Object {
                          "$ref": "#/components/schemas/Datetime",
                        },
                      ],
                      "description": "Modified when",
                      "nullable": false,
                      "type": "string",
                    },
                  },
                  "required": Array [
                    "created",
                    "modified",
                  ],
                  "type": "object",
                },
                "child": Object {
                  "properties": Object {
                    "created": Object {
                      "allOf": Array [
                        Object {
                          "$ref": "#/components/schemas/Date",
                        },
                      ],
                      "description": "Created when",
                      "nullable": false,
                      "type": "string",
                    },
                    "modified": Object {
                      "allOf": Array [
                        Object {
                          "$ref": "#/components/schemas/Datetime",
                        },
                      ],
                      "description": "Modified when",
                      "nullable": false,
                      "type": "string",
                    },
                  },
                  "required": Array [
                    "created",
                    "modified",
                  ],
                  "type": "object",
                },
                "id": Object {
                  "format": "int32",
                  "type": "integer",
                },
              },
              "required": Array [
                "id",
                "anotherChild",
                "child",
              ],
              "type": "object",
            },
          },
        ],
        "responses": Object {
          "200": Object {
            "content": Object {
              "application/json": Object {
                "schema": Object {
                  "properties": Object {
                    "storeData": Object {
                      "items": Object {
                        "description": "A Complex type",
                        "properties": Object {
                          "created": Object {
                            "allOf": Array [
                              Object {
                                "$ref": "#/components/schemas/Date",
                              },
                            ],
                            "description": "Created when",
                            "nullable": false,
                            "type": "string",
                          },
                          "id": Object {
                            "description": "Our ID",
                            "format": "int32",
                            "type": "integer",
                          },
                          "modified": Object {
                            "allOf": Array [
                              Object {
                                "$ref": "#/components/schemas/Datetime",
                              },
                            ],
                            "description": "Modified when",
                            "nullable": false,
                            "type": "string",
                          },
                        },
                        "required": Array [
                          "id",
                          "created",
                          "modified",
                        ],
                        "type": "object",
                      },
                      "type": "array",
                    },
                  },
                  "required": Array [
                    "storeData",
                  ],
                  "type": "object",
                },
              },
            },
            "description": "Success",
          },
          "400": Object {
            "content": Object {
              "application/json": Object {
                "schema": Object {
                  "properties": Object {
                    "errors": Object {
                      "items": Object {
                        "properties": Object {
                          "errorCode": Object {
                            "type": "string",
                          },
                          "location": Object {
                            "type": "string",
                          },
                          "message": Object {
                            "type": "string",
                          },
                          "path": Object {
                            "type": "string",
                          },
                        },
                        "type": "object",
                      },
                      "type": "array",
                    },
                  },
                  "type": "object",
                },
              },
            },
            "description": "Invalid request",
          },
          "500": Object {
            "content": Object {
              "application/json": Object {
                "schema": Object {
                  "properties": Object {
                    "data": Object {
                      "description": "Branch of data that does not contain errors",
                      "nullable": true,
                      "properties": Object {
                        "storeData": Object {
                          "items": Object {
                            "description": "A Complex type",
                            "properties": Object {
                              "created": Object {
                                "allOf": Array [
                                  Object {
                                    "$ref": "#/components/schemas/Date",
                                  },
                                ],
                                "description": "Created when",
                                "nullable": false,
                                "type": "string",
                              },
                              "id": Object {
                                "description": "Our ID",
                                "format": "int32",
                                "type": "integer",
                              },
                              "modified": Object {
                                "allOf": Array [
                                  Object {
                                    "$ref": "#/components/schemas/Datetime",
                                  },
                                ],
                                "description": "Modified when",
                                "nullable": false,
                                "type": "string",
                              },
                            },
                            "required": Array [
                              "id",
                              "created",
                              "modified",
                            ],
                            "type": "object",
                          },
                          "type": "array",
                        },
                      },
                      "required": Array [
                        "storeData",
                      ],
                      "type": "object",
                    },
                    "errors": Object {
                      "items": Object {
                        "properties": Object {
                          "message": Object {
                            "type": "string",
                          },
                        },
                        "type": "object",
                      },
                      "type": "array",
                    },
                  },
                  "type": "object",
                },
              },
            },
            "description": "Internal Server Error",
          },
        },
        "x-graphql-operation": "mutation storeData($input: DataInput!) {
  storeData(data: $input) {
    id
    created
    modified
  }
}",
      },
    },
  },
}
`;
