// Jest Snapshot v1, https://goo.gl/fbAQLP

exports[`GraphQL Errors should forward any gql error if validation is not configured 1`] = `
{
  "errors": [
    {
      "locations": [
        {
          "column": 17,
          "line": 1,
        },
      ],
      "message": "Variable "$id" got invalid value "not-a-number"; Int cannot represent non-integer value: "not-a-number"",
    },
  ],
}
`;

exports[`GraphQL Errors should forward graphql server errors by default 1`] = `
{
  "data": null,
  "errors": [
    {
      "locations": [
        {
          "column": 3,
          "line": 2,
        },
      ],
      "message": "Unable to process request.",
      "path": [
        "getSample",
      ],
    },
  ],
}
`;

exports[`GraphQL Errors should handle malformed request bodies should handle malformed JSON bodies 1`] = `
{
  "errors": [
    {
      "message": "SyntaxError: Unable to parse JSON body",
    },
  ],
}
`;
