// Jest Snapshot v1, https://goo.gl/fbAQLP

exports[`Requests with custom scalars should GET \`/data\` 1`] = `
{
  "getData": [
    {
      "created": "10-10-1985",
      "data": "{}",
      "id": Any<Number>,
      "modified": "10-10-1985:10:00:00",
    },
    {
      "created": "10-10-1985",
      "data": "{}",
      "id": Any<Number>,
      "modified": "10-10-1985:10:00:00",
    },
  ],
}
`;
